// Jest Snapshot v1, https://goo.gl/fbAQLP

exports[`norden load sell only one peatBoat, in large3 first, for 5 food 1`] = `
Object {
  "large1": null,
  "large2": null,
  "large3": null,
  "small1": Object {
    "contents": Array [],
    "type": "peatBoat",
  },
  "small2": Object {
    "contents": Array [],
    "type": "peatBoat",
  },
  "small3": Object {
    "contents": Array [],
    "type": "peatBoat",
  },
  "small4": Object {
    "contents": Array [],
    "type": "peatBoat",
  },
}
`;
